// Jest Snapshot v1, https://goo.gl/fbAQLP

exports[`public api 1`] = `
Array [
  "treeNodeIsRoot",
  "treeRootNodeId",
  "treeNodeAncestorIds",
  "treeNodePath",
  "treeNodeIsAncestorOf",
  "treeNodeIsDescendantOf",
  "treeNodeChildNodeIds",
  "treeNodeSiblingIds",
  "treeNodeIsSiblingOf",
  "treeNodesCommonPath",
  "treeNodesCommonAncestorPath",
  "treeNodesById",
  "treeNodeIdArray",
  "treeNodeArray",
  "treeNodeTree",
  "treePathCommon",
]
`;
